linkerd-multicluster
--------------------
√ Link CRD exists

Status check results are √
