
deployment "smoke-test-terminus" injected
service "smoke-test-terminus-svc" injected
deployment "smoke-test-gateway" injected
service "smoke-test-gateway-svc" injected

