\[
  \{
    "src": "slow-cooker",
    "src_namespace": "{{.Ns}}",
    "dst": "terminus",
    "dst_namespace": "{{.Ns}}",
    "client_id": "default.{{.Ns}}",
    "server_id": "default.{{.Ns}}",
    "no_tls_reason": ""
  \},
  \{
    "src": "linkerd-prometheus",
    "src_namespace": "{{.VizNs}}",
    "dst": "slow-cooker",
    "dst_namespace": "{{.Ns}}",
    "client_id": "",
    "server_id": "",
    "no_tls_reason": ""
  \},
  \{
    "src": "linkerd-prometheus",
    "src_namespace": "{{.VizNs}}",
    "dst": "terminus",
    "dst_namespace": "{{.Ns}}",
    "client_id": "",
    "server_id": "",
    "no_tls_reason": ""
  \}
\]
