\[
  \{
    "namespace": "{{.Ns}}",
    "ip": "\d+\.\d+\.\d+\.\d+",
    "port": 8085,
    "pod": "linkerd\-controller\-[a-f0-9]+\-[a-z0-9]+",
    "service": "linkerd\-controller\-api\.{{.Ns}}"
  \},
  \{
    "namespace": "{{.Ns}}",
    "ip": "\d+\.\d+\.\d+\.\d+",
    "port": 8086,
    "pod": "linkerd\-destination\-[a-f0-9]+\-[a-z0-9]+",
    "service": "linkerd\-dst\.{{.Ns}}"
  \},
  \{
    "namespace": "{{.Ns}}",
    "ip": "\d+\.\d+\.\d+\.\d+",
    "port": 8080,
    "pod": "linkerd\-identity\-[a-f0-9]+\-[a-z0-9]+",
    "service": "linkerd\-identity\.{{.Ns}}"
  \},
  \{
    "namespace": "{{.Ns}}",
    "ip": "\d+\.\d+\.\d+\.\d+",
    "port": 8443,
    "pod": "linkerd\-proxy\-injector-[a-f0-9]+\-[a-z0-9]+",
    "service": "linkerd\-proxy\-injector\.{{.Ns}}"
  \},
  \{
    "namespace": "{{.Ns}}",
    "ip": "\d+\.\d+\.\d+\.\d+",
    "port": 8443,
    "pod": "linkerd\-sp\-validator-[a-f0-9]+\-[a-z0-9]+",
    "service": "linkerd\-sp\-validator\.{{.Ns}}"
  \},
  \{
    "namespace": "{{.VizNs}}",
    "ip": "\d+\.\d+\.\d+\.\d+",
    "port": 3000,
    "pod": "linkerd\-grafana\-[a-f0-9]+\-[a-z0-9]+",
    "service": "linkerd\-grafana\.{{.VizNs}}"
  \},
  \{
    "namespace": "{{.VizNs}}",
    "ip": "\d+\.\d+\.\d+\.\d+",
    "port": 9090,
    "pod": "linkerd\-prometheus-[a-f0-9]+\-[a-z0-9]+",
    "service": "linkerd\-prometheus\.{{.VizNs}}"
  \},
  \{
    "namespace": "{{.VizNs}}",
    "ip": "\d+\.\d+\.\d+\.\d+",
    "port": 8088,
    "pod": "linkerd\-tap\-[a-f0-9]+\-[a-z0-9]+",
    "service": "linkerd\-tap\.{{.VizNs}}"
  \},
  \{
    "namespace": "{{.VizNs}}",
    "ip": "\d+\.\d+\.\d+\.\d+",
    "port": 8084,
    "pod": "linkerd\-web\-[a-f0-9]+\-[a-z0-9]+",
    "service": "linkerd\-web\.{{.VizNs}}"
  \}
\]
