---
###
### Linkerd Namespace
###
---
kind: Namespace
apiVersion: v1
metadata:
  name: linkerd
  annotations:
    linkerd.io/inject: disabled
  labels:
    linkerd.io/is-control-plane: "true"
    config.linkerd.io/admission-webhooks: disabled
    linkerd.io/control-plane-ns: linkerd
---
###
### Identity Controller Service RBAC
###
---
kind: ClusterRole
apiVersion: rbac.authorization.k8s.io/v1
metadata:
  name: linkerd-linkerd-identity
  labels:
    linkerd.io/control-plane-component: identity
    linkerd.io/control-plane-ns: linkerd
rules:
- apiGroups: ["authentication.k8s.io"]
  resources: ["tokenreviews"]
  verbs: ["create"]
- apiGroups: ["apps"]
  resources: ["deployments"]
  verbs: ["get"]
- apiGroups: [""]
  resources: ["events"]
  verbs: ["create", "patch"]
---
kind: ClusterRoleBinding
apiVersion: rbac.authorization.k8s.io/v1
metadata:
  name: linkerd-linkerd-identity
  labels:
    linkerd.io/control-plane-component: identity
    linkerd.io/control-plane-ns: linkerd
roleRef:
  apiGroup: rbac.authorization.k8s.io
  kind: ClusterRole
  name: linkerd-linkerd-identity
subjects:
- kind: ServiceAccount
  name: linkerd-identity
  namespace: linkerd
---
kind: ServiceAccount
apiVersion: v1
metadata:
  name: linkerd-identity
  namespace: linkerd
  labels:
    linkerd.io/control-plane-component: identity
    linkerd.io/control-plane-ns: linkerd
---
###
### Controller RBAC
###
---
kind: ClusterRole
apiVersion: rbac.authorization.k8s.io/v1
metadata:
  name: linkerd-linkerd-controller
  labels:
    linkerd.io/control-plane-component: controller
    linkerd.io/control-plane-ns: linkerd
rules:
- apiGroups: ["extensions", "apps"]
  resources: ["daemonsets", "deployments", "replicasets", "statefulsets"]
  verbs: ["list", "get", "watch"]
- apiGroups: ["extensions", "batch"]
  resources: ["cronjobs", "jobs"]
  verbs: ["list" , "get", "watch"]
- apiGroups: [""]
  resources: ["pods", "endpoints", "services", "replicationcontrollers", "namespaces"]
  verbs: ["list", "get", "watch"]
- apiGroups: ["linkerd.io"]
  resources: ["serviceprofiles"]
  verbs: ["list", "get", "watch"]
- apiGroups: ["split.smi-spec.io"]
  resources: ["trafficsplits"]
  verbs: ["list", "get", "watch"]
---
kind: ClusterRoleBinding
apiVersion: rbac.authorization.k8s.io/v1
metadata:
  name: linkerd-linkerd-controller
  labels:
    linkerd.io/control-plane-component: controller
    linkerd.io/control-plane-ns: linkerd
roleRef:
  apiGroup: rbac.authorization.k8s.io
  kind: ClusterRole
  name: linkerd-linkerd-controller
subjects:
- kind: ServiceAccount
  name: linkerd-controller
  namespace: linkerd
---
kind: ServiceAccount
apiVersion: v1
metadata:
  name: linkerd-controller
  namespace: linkerd
  labels:
    linkerd.io/control-plane-component: controller
    linkerd.io/control-plane-ns: linkerd
---
###
### Destination Controller Service
###
---
kind: ClusterRole
apiVersion: rbac.authorization.k8s.io/v1
metadata:
  name: linkerd-linkerd-destination
  labels:
    linkerd.io/control-plane-component: destination
    linkerd.io/control-plane-ns: linkerd
rules:
- apiGroups: ["apps"]
  resources: ["replicasets"]
  verbs: ["list", "get", "watch"]
- apiGroups: ["batch"]
  resources: ["jobs"]
  verbs: ["list", "get", "watch"]
- apiGroups: [""]
  resources: ["pods", "endpoints", "services", "nodes"]
  verbs: ["list", "get", "watch"]
- apiGroups: ["linkerd.io"]
  resources: ["serviceprofiles"]
  verbs: ["list", "get", "watch"]
- apiGroups: ["split.smi-spec.io"]
  resources: ["trafficsplits"]
  verbs: ["list", "get", "watch"]
---
kind: ClusterRoleBinding
apiVersion: rbac.authorization.k8s.io/v1
metadata:
  name: linkerd-linkerd-destination
  labels:
    linkerd.io/control-plane-component: destination
    linkerd.io/control-plane-ns: linkerd
roleRef:
  apiGroup: rbac.authorization.k8s.io
  kind: ClusterRole
  name: linkerd-linkerd-destination
subjects:
- kind: ServiceAccount
  name: linkerd-destination
  namespace: linkerd
---
kind: ServiceAccount
apiVersion: v1
metadata:
  name: linkerd-destination
  namespace: linkerd
  labels:
    linkerd.io/control-plane-component: destination
    linkerd.io/control-plane-ns: linkerd
---
###
### Heartbeat RBAC
###
---
apiVersion: rbac.authorization.k8s.io/v1
kind: Role
metadata:
  name: linkerd-heartbeat
  namespace: linkerd
  labels:
    linkerd.io/control-plane-ns: linkerd
rules:
- apiGroups: [""]
  resources: ["configmaps"]
  verbs: ["get"]
  resourceNames: ["linkerd-config"]
---
apiVersion: rbac.authorization.k8s.io/v1
kind: RoleBinding
metadata:
  name: linkerd-heartbeat
  namespace: linkerd
  labels:
    linkerd.io/control-plane-ns: linkerd
roleRef:
  kind: Role
  name: linkerd-heartbeat
  apiGroup: rbac.authorization.k8s.io
subjects:
- kind: ServiceAccount
  name: linkerd-heartbeat
  namespace: linkerd
---
apiVersion: rbac.authorization.k8s.io/v1
kind: ClusterRole
metadata:
  name: linkerd-heartbeat
  labels:
    linkerd.io/control-plane-ns: linkerd
rules:
- apiGroups: [""]
  resources: ["namespaces"]
  verbs: ["list"]
- apiGroups: ["linkerd.io"]
  resources: ["serviceprofiles"]
  verbs: ["list"]
---
apiVersion: rbac.authorization.k8s.io/v1
kind: ClusterRoleBinding
metadata:
  name: linkerd-heartbeat
  labels:
    linkerd.io/control-plane-ns: linkerd
roleRef:
  kind: ClusterRole
  name: linkerd-heartbeat
  apiGroup: rbac.authorization.k8s.io
subjects:
- kind: ServiceAccount
  name: linkerd-heartbeat
  namespace: linkerd
---
kind: ServiceAccount
apiVersion: v1
metadata:
  name: linkerd-heartbeat
  namespace: linkerd
  labels:
    linkerd.io/control-plane-component: heartbeat
    linkerd.io/control-plane-ns: linkerd
---
###
### Web RBAC
###
---
apiVersion: rbac.authorization.k8s.io/v1
kind: Role
metadata:
  name: linkerd-web
  namespace: linkerd
  labels:
    linkerd.io/control-plane-component: web
    linkerd.io/control-plane-ns: linkerd
rules:
- apiGroups: [""]
  resources: ["configmaps"]
  verbs: ["get"]
  resourceNames: ["linkerd-config"]
- apiGroups: [""]
  resources: ["namespaces", "configmaps"]
  verbs: ["get"]
- apiGroups: [""]
  resources: ["serviceaccounts", "pods"]
  verbs: ["list"]
- apiGroups: ["apps"]
  resources: ["replicasets"]
  verbs: ["list"]
---
apiVersion: rbac.authorization.k8s.io/v1
kind: RoleBinding
metadata:
  name: linkerd-web
  namespace: linkerd
  labels:
    linkerd.io/control-plane-component: web
    linkerd.io/control-plane-ns: linkerd
roleRef:
  kind: Role
  name: linkerd-web
  apiGroup: rbac.authorization.k8s.io
subjects:
- kind: ServiceAccount
  name: linkerd-web
  namespace: linkerd
---
apiVersion: rbac.authorization.k8s.io/v1
kind: ClusterRole
metadata:
  name: linkerd-linkerd-web-check
  labels:
    linkerd.io/control-plane-component: web
    linkerd.io/control-plane-ns: linkerd
rules:
- apiGroups: ["rbac.authorization.k8s.io"]
  resources: ["clusterroles", "clusterrolebindings"]
  verbs: ["list"]
- apiGroups: ["apiextensions.k8s.io"]
  resources: ["customresourcedefinitions"]
  verbs: ["list"]
- apiGroups: ["admissionregistration.k8s.io"]
  resources: ["mutatingwebhookconfigurations", "validatingwebhookconfigurations"]
  verbs: ["list"]
- apiGroups: ["policy"]
  resources: ["podsecuritypolicies"]
  verbs: ["list"]
- apiGroups: ["linkerd.io"]
  resources: ["serviceprofiles"]
  verbs: ["list"]
- apiGroups: ["apiregistration.k8s.io"]
  resources: ["apiservices"]
  verbs: ["get"]
---
apiVersion: rbac.authorization.k8s.io/v1
kind: ClusterRoleBinding
metadata:
  name: linkerd-linkerd-web-check
  labels:
    linkerd.io/control-plane-component: web
    linkerd.io/control-plane-ns: linkerd
roleRef:
  kind: ClusterRole
  name: linkerd-linkerd-web-check
  apiGroup: rbac.authorization.k8s.io
subjects:
- kind: ServiceAccount
  name: linkerd-web
  namespace: linkerd
---
kind: ClusterRoleBinding
apiVersion: rbac.authorization.k8s.io/v1
metadata:
  name: linkerd-linkerd-web-admin
  labels:
    linkerd.io/control-plane-component: web
    linkerd.io/control-plane-ns: linkerd
roleRef:
  apiGroup: rbac.authorization.k8s.io
  kind: ClusterRole
  name: linkerd-linkerd-tap-admin
subjects:
- kind: ServiceAccount
  name: linkerd-web
  namespace: linkerd
---
kind: ServiceAccount
apiVersion: v1
metadata:
  name: linkerd-web
  namespace: linkerd
  labels:
    linkerd.io/control-plane-component: web
    linkerd.io/control-plane-ns: linkerd
---
###
### Service Profile CRD
###
---
apiVersion: apiextensions.k8s.io/v1beta1
kind: CustomResourceDefinition
metadata:
  name: serviceprofiles.linkerd.io
  annotations:
    linkerd.io/created-by: linkerd/cli dev-undefined
  labels:
    linkerd.io/control-plane-ns: linkerd
spec:
  group: linkerd.io
  versions:
  - name: v1alpha1
    served: true
    storage: false
  - name: v1alpha2
    served: true
    storage: true
  scope: Namespaced
  names:
    plural: serviceprofiles
    singular: serviceprofile
    kind: ServiceProfile
    shortNames:
    - sp
---
###
### TrafficSplit CRD
### Copied from github.com/servicemeshinterface/smi-sdk-go/blob/d4e76b1cd7a33ead5f38d1262dd838a31c80f4e5/crds/split.yaml
###
---
apiVersion: apiextensions.k8s.io/v1beta1
kind: CustomResourceDefinition
metadata:
  name: trafficsplits.split.smi-spec.io
  annotations:
    linkerd.io/created-by: linkerd/cli dev-undefined
  labels:
    linkerd.io/control-plane-ns: linkerd
spec:
  group: split.smi-spec.io
  scope: Namespaced
  names:
    kind: TrafficSplit
    listKind: TrafficSplitList
    shortNames:
      - ts
    plural: trafficsplits
    singular: trafficsplit
  version: v1alpha1
  versions:
    - name: v1alpha1
      served: true
      storage: true
  preserveUnknownFields: false
  validation:
    openAPIV3Schema:
      type: object
      properties:
        spec:
          type: object
          required:
            - service
            - backends
          properties:
            service:
              description: The apex service of this split.
              type: string
            matches:
              description: The HTTP route groups that this traffic split should match.
              type: array
              items:
                type: object
                required: ['kind', 'name']
                properties:
                  kind:
                    description: Kind of the matching group.
                    type: string
                    enum:
                      - HTTPRouteGroup
                  name:
                    description: Name of the matching group.
                    type: string
            backends:
              description: The backend services of this split.
              type: array
              items:
                type: object
                required: ['service', 'weight']
                properties:
                  service:
                    description: Name of the Kubernetes service.
                    type: string
                  weight:
                    description: Traffic weight value of this backend.
                    x-kubernetes-int-or-string: true
  additionalPrinterColumns:
  - name: Service
    type: string
    description: The apex service of this split.
    JSONPath: .spec.service
---
###
### Proxy Injector RBAC
###
---
kind: ClusterRole
apiVersion: rbac.authorization.k8s.io/v1
metadata:
  name: linkerd-linkerd-proxy-injector
  labels:
    linkerd.io/control-plane-component: proxy-injector
    linkerd.io/control-plane-ns: linkerd
rules:
- apiGroups: [""]
  resources: ["events"]
  verbs: ["create", "patch"]
- apiGroups: [""]
  resources: ["namespaces", "replicationcontrollers"]
  verbs: ["list", "get", "watch"]
- apiGroups: [""]
  resources: ["pods"]
  verbs: ["list", "watch"]
- apiGroups: ["extensions", "apps"]
  resources: ["deployments", "replicasets", "daemonsets", "statefulsets"]
  verbs: ["list", "get", "watch"]
- apiGroups: ["extensions", "batch"]
  resources: ["cronjobs", "jobs"]
  verbs: ["list", "get", "watch"]
---
kind: ClusterRoleBinding
apiVersion: rbac.authorization.k8s.io/v1
metadata:
  name: linkerd-linkerd-proxy-injector
  labels:
    linkerd.io/control-plane-component: proxy-injector
    linkerd.io/control-plane-ns: linkerd
subjects:
- kind: ServiceAccount
  name: linkerd-proxy-injector
  namespace: linkerd
  apiGroup: ""
roleRef:
  kind: ClusterRole
  name: linkerd-linkerd-proxy-injector
  apiGroup: rbac.authorization.k8s.io
---
kind: ServiceAccount
apiVersion: v1
metadata:
  name: linkerd-proxy-injector
  namespace: linkerd
  labels:
    linkerd.io/control-plane-component: proxy-injector
    linkerd.io/control-plane-ns: linkerd
---
kind: Secret
apiVersion: v1
metadata:
  name: linkerd-proxy-injector-k8s-tls
  namespace: linkerd
  labels:
    linkerd.io/control-plane-component: proxy-injector
    linkerd.io/control-plane-ns: linkerd
  annotations:
    linkerd.io/created-by: linkerd/cli dev-undefined
type: kubernetes.io/tls
data:
  tls.crt: cHJveHkgaW5qZWN0b3IgY3J0
  tls.key: cHJveHkgaW5qZWN0b3Iga2V5
---
apiVersion: admissionregistration.k8s.io/v1
kind: MutatingWebhookConfiguration
metadata:
  name: linkerd-proxy-injector-webhook-config
  labels:
    linkerd.io/control-plane-component: proxy-injector
    linkerd.io/control-plane-ns: linkerd
webhooks:
- name: linkerd-proxy-injector.linkerd.io
  namespaceSelector:
    matchExpressions:
    - key: config.linkerd.io/admission-webhooks
      operator: NotIn
      values:
      - disabled
  clientConfig:
    service:
      name: linkerd-proxy-injector
      namespace: linkerd
      path: "/"
    caBundle: cHJveHkgaW5qZWN0b3IgQ0EgYnVuZGxl
  failurePolicy: Ignore
  admissionReviewVersions: ["v1", "v1beta1"]
  rules:
  - operations: [ "CREATE" ]
    apiGroups: [""]
    apiVersions: ["v1"]
    resources: ["pods"]
  sideEffects: None
---
###
### Service Profile Validator RBAC
###
---
kind: ClusterRole
apiVersion: rbac.authorization.k8s.io/v1
metadata:
  name: linkerd-linkerd-sp-validator
  labels:
    linkerd.io/control-plane-component: sp-validator
    linkerd.io/control-plane-ns: linkerd
rules:
- apiGroups: [""]
  resources: ["pods"]
  verbs: ["list"]
---
kind: ClusterRoleBinding
apiVersion: rbac.authorization.k8s.io/v1
metadata:
  name: linkerd-linkerd-sp-validator
  labels:
    linkerd.io/control-plane-component: sp-validator
    linkerd.io/control-plane-ns: linkerd
subjects:
- kind: ServiceAccount
  name: linkerd-sp-validator
  namespace: linkerd
  apiGroup: ""
roleRef:
  kind: ClusterRole
  name: linkerd-linkerd-sp-validator
  apiGroup: rbac.authorization.k8s.io
---
kind: ServiceAccount
apiVersion: v1
metadata:
  name: linkerd-sp-validator
  namespace: linkerd
  labels:
    linkerd.io/control-plane-component: sp-validator
    linkerd.io/control-plane-ns: linkerd
---
kind: Secret
apiVersion: v1
metadata:
  name: linkerd-sp-validator-k8s-tls
  namespace: linkerd
  labels:
    linkerd.io/control-plane-component: sp-validator
    linkerd.io/control-plane-ns: linkerd
  annotations:
    linkerd.io/created-by: linkerd/cli dev-undefined
type: kubernetes.io/tls
data:
  tls.crt: cHJvZmlsZSB2YWxpZGF0b3IgY3J0
  tls.key: cHJvZmlsZSB2YWxpZGF0b3Iga2V5
---
apiVersion: admissionregistration.k8s.io/v1
kind: ValidatingWebhookConfiguration
metadata:
  name: linkerd-sp-validator-webhook-config
  labels:
    linkerd.io/control-plane-component: sp-validator
    linkerd.io/control-plane-ns: linkerd
webhooks:
- name: linkerd-sp-validator.linkerd.io
  namespaceSelector:
    matchExpressions:
    - key: config.linkerd.io/admission-webhooks
      operator: NotIn
      values:
      - disabled
  clientConfig:
    service:
      name: linkerd-sp-validator
      namespace: linkerd
      path: "/"
    caBundle: cHJvZmlsZSB2YWxpZGF0b3IgQ0EgYnVuZGxl
  failurePolicy: Ignore
  admissionReviewVersions: ["v1", "v1beta1"]
  rules:
  - operations: [ "CREATE" , "UPDATE" ]
    apiGroups: ["linkerd.io"]
    apiVersions: ["v1alpha1", "v1alpha2"]
    resources: ["serviceprofiles"]
  sideEffects: None
---
###
### Tap RBAC
###
---
kind: ClusterRole
apiVersion: rbac.authorization.k8s.io/v1
metadata:
  name: linkerd-linkerd-tap
  labels:
    linkerd.io/control-plane-component: tap
    linkerd.io/control-plane-ns: linkerd
rules:
- apiGroups: [""]
  resources: ["pods", "services", "replicationcontrollers", "namespaces", "nodes"]
  verbs: ["list", "get", "watch"]
- apiGroups: ["extensions", "apps"]
  resources: ["daemonsets", "deployments", "replicasets", "statefulsets"]
  verbs: ["list", "get", "watch"]
- apiGroups: ["extensions", "batch"]
  resources: ["cronjobs", "jobs"]
  verbs: ["list" , "get", "watch"]
---
kind: ClusterRole
apiVersion: rbac.authorization.k8s.io/v1
metadata:
  name: linkerd-linkerd-tap-admin
  labels:
    linkerd.io/control-plane-component: tap
    linkerd.io/control-plane-ns: linkerd
rules:
- apiGroups: ["tap.linkerd.io"]
  resources: ["*"]
  verbs: ["watch"]
---
kind: ClusterRoleBinding
apiVersion: rbac.authorization.k8s.io/v1
metadata:
  name: linkerd-linkerd-tap
  labels:
    linkerd.io/control-plane-component: tap
    linkerd.io/control-plane-ns: linkerd
roleRef:
  apiGroup: rbac.authorization.k8s.io
  kind: ClusterRole
  name: linkerd-linkerd-tap
subjects:
- kind: ServiceAccount
  name: linkerd-tap
  namespace: linkerd
---
apiVersion: rbac.authorization.k8s.io/v1
kind: ClusterRoleBinding
metadata:
  name: linkerd-linkerd-tap-auth-delegator
  labels:
    linkerd.io/control-plane-component: tap
    linkerd.io/control-plane-ns: linkerd
roleRef:
  apiGroup: rbac.authorization.k8s.io
  kind: ClusterRole
  name: system:auth-delegator
subjects:
- kind: ServiceAccount
  name: linkerd-tap
  namespace: linkerd
---
kind: ServiceAccount
apiVersion: v1
metadata:
  name: linkerd-tap
  namespace: linkerd
  labels:
    linkerd.io/control-plane-component: tap
    linkerd.io/control-plane-ns: linkerd
---
apiVersion: rbac.authorization.k8s.io/v1
kind: RoleBinding
metadata:
  name: linkerd-linkerd-tap-auth-reader
  namespace: kube-system
  labels:
    linkerd.io/control-plane-component: tap
    linkerd.io/control-plane-ns: linkerd
roleRef:
  apiGroup: rbac.authorization.k8s.io
  kind: Role
  name: extension-apiserver-authentication-reader
subjects:
- kind: ServiceAccount
  name: linkerd-tap
  namespace: linkerd
---
kind: Secret
apiVersion: v1
metadata:
  name: linkerd-tap-k8s-tls
  namespace: linkerd
  labels:
    linkerd.io/control-plane-component: tap
    linkerd.io/control-plane-ns: linkerd
  annotations:
    linkerd.io/created-by: linkerd/cli dev-undefined
type: kubernetes.io/tls
data:
  tls.crt: dGFwIGNydA==
  tls.key: dGFwIGtleQ==
---
apiVersion: apiregistration.k8s.io/v1
kind: APIService
metadata:
  name: v1alpha1.tap.linkerd.io
  labels:
    linkerd.io/control-plane-component: tap
    linkerd.io/control-plane-ns: linkerd
spec:
  group: tap.linkerd.io
  version: v1alpha1
  groupPriorityMinimum: 1000
  versionPriority: 100
  service:
    name: linkerd-tap
    namespace: linkerd
  caBundle: dGFwIENBIGJ1bmRsZQ==
---
###
### Control Plane PSP
###
---
apiVersion: policy/v1beta1
kind: PodSecurityPolicy
metadata:
  name: linkerd-linkerd-control-plane
  labels:
    linkerd.io/control-plane-ns: linkerd
spec:
  allowPrivilegeEscalation: false
  readOnlyRootFilesystem: true
  allowedCapabilities:
  - NET_ADMIN
  - NET_RAW
  requiredDropCapabilities:
  - ALL
  hostNetwork: false
  hostIPC: false
  hostPID: false
  seLinux:
    rule: RunAsAny
  runAsUser:
    rule: RunAsAny
  supplementalGroups:
    rule: MustRunAs
    ranges:
    - min: 1
      max: 65535
  fsGroup:
    rule: MustRunAs
    ranges:
    - min: 1
      max: 65535
  volumes:
  - configMap
  - emptyDir
  - secret
  - projected
  - downwardAPI
  - persistentVolumeClaim
---
apiVersion: rbac.authorization.k8s.io/v1
kind: Role
metadata:
  name: linkerd-psp
  namespace: linkerd
  labels:
    linkerd.io/control-plane-ns: linkerd
rules:
- apiGroups: ['policy', 'extensions']
  resources: ['podsecuritypolicies']
  verbs: ['use']
  resourceNames:
  - linkerd-linkerd-control-plane
---
apiVersion: rbac.authorization.k8s.io/v1
kind: RoleBinding
metadata:
  name: linkerd-psp
  namespace: linkerd
  labels:
    linkerd.io/control-plane-ns: linkerd
roleRef:
  kind: Role
  name: linkerd-psp
  apiGroup: rbac.authorization.k8s.io
subjects:
- kind: ServiceAccount
  name: linkerd-controller
  namespace: linkerd
- kind: ServiceAccount
  name: linkerd-destination
  namespace: linkerd
- kind: ServiceAccount
  name: linkerd-grafana
  namespace: linkerd
- kind: ServiceAccount
  name: linkerd-heartbeat
  namespace: linkerd
- kind: ServiceAccount
  name: linkerd-identity
  namespace: linkerd
- kind: ServiceAccount
  name: linkerd-prometheus
  namespace: linkerd
- kind: ServiceAccount
  name: linkerd-proxy-injector
  namespace: linkerd
- kind: ServiceAccount
  name: linkerd-sp-validator
  namespace: linkerd
- kind: ServiceAccount
  name: linkerd-tap
  namespace: linkerd
- kind: ServiceAccount
  name: linkerd-web
  namespace: linkerd
---
###
### Grafana RBAC
###
---
kind: ServiceAccount
apiVersion: v1
metadata:
  name: linkerd-grafana
  namespace: linkerd
  labels:
    linkerd.io/control-plane-component: grafana
    linkerd.io/control-plane-ns: linkerd
---
###
### Prometheus RBAC
###
---
kind: ClusterRole
apiVersion: rbac.authorization.k8s.io/v1
metadata:
  name: linkerd-linkerd-prometheus
  labels:
    linkerd.io/control-plane-component: prometheus
    linkerd.io/control-plane-ns: linkerd
rules:
- apiGroups: [""]
  resources: ["nodes", "nodes/proxy", "pods"]
  verbs: ["get", "list", "watch"]
---
kind: ClusterRoleBinding
apiVersion: rbac.authorization.k8s.io/v1
metadata:
  name: linkerd-linkerd-prometheus
  labels:
    linkerd.io/control-plane-component: prometheus
    linkerd.io/control-plane-ns: linkerd
roleRef:
  apiGroup: rbac.authorization.k8s.io
  kind: ClusterRole
  name: linkerd-linkerd-prometheus
subjects:
- kind: ServiceAccount
  name: linkerd-prometheus
  namespace: linkerd
---
kind: ServiceAccount
apiVersion: v1
metadata:
  name: linkerd-prometheus
  namespace: linkerd
  labels:
    linkerd.io/control-plane-component: prometheus
    linkerd.io/control-plane-ns: linkerd
---
apiVersion: v1
data:
  linkerd-config-overrides: ZGVidWdDb250YWluZXI6CiAgaW1hZ2U6CiAgICB2ZXJzaW9uOiBpbnN0YWxsLWRlYnVnLXZlcnNpb24KZ2xvYmFsOgogIGNvbnRyb2xsZXJJbWFnZVZlcnNpb246IGluc3RhbGwtY29udHJvbC1wbGFuZS12ZXJzaW9uCiAgaWRlbnRpdHlUcnVzdEFuY2hvcnNQRU06IHwKICAgIC0tLS0tQkVHSU4gQ0VSVElGSUNBVEUtLS0tLQogICAgTUlJQllEQ0NBUWVnQXdJQkFnSUJBVEFLQmdncWhrak9QUVFEQWpBWU1SWXdGQVlEVlFRREV3MWpiSFZ6ZEdWeQogICAgTG14dlkyRnNNQjRYRFRFNU1ETXdNekF4TlRrMU1sb1hEVEk1TURJeU9EQXlNRE0xTWxvd0dERVdNQlFHQTFVRQogICAgQXhNTlkyeDFjM1JsY2k1c2IyTmhiREJaTUJNR0J5cUdTTTQ5QWdFR0NDcUdTTTQ5QXdFSEEwSUFCQUNocEF0MAogICAgeHRnTzlxYlZ0RXRESzgwTjZpQ0wySHR5ZjJrSXYybTVRa0oxeTBURlFpNWhUVmUzd3RzcEo4WXBaRjBwbDM2NAogICAgNlRpWWVYQjh0T09oSUFDalFqQkFNQTRHQTFVZER3RUIvd1FFQXdJQkJqQWRCZ05WSFNVRUZqQVVCZ2dyQmdFRgogICAgQlFjREFRWUlLd1lCQlFVSEF3SXdEd1lEVlIwVEFRSC9CQVV3QXdFQi96QUtCZ2dxaGtqT1BRUURBZ05IQURCRQogICAgQWlCUS9BQXdGOGtHOFZPbVJTVVRQYWtTU2EvTjRtcUsySHNadWhRWENtaVpId0lnWkV6STVEQ2twVTd3M1NJdgogICAgT0xPNFpzazFYckdaSEdzbXlpRXl2WUY5bHBZPQogICAgLS0tLS1FTkQgQ0VSVElGSUNBVEUtLS0tLQogIHByb3h5OgogICAgaW1hZ2U6CiAgICAgIHZlcnNpb246IGluc3RhbGwtcHJveHktdmVyc2lvbgpoZWFydGJlYXRTY2hlZHVsZTogMSAyIDMgNCA1CmlkZW50aXR5OgogIGlzc3VlcjoKICAgIGNydEV4cGlyeTogIjIwMjktMDItMjhUMDI6MDM6NTJaIgogICAgdGxzOgogICAgICBjcnRQRU06IHwKICAgICAgICAtLS0tLUJFR0lOIENFUlRJRklDQVRFLS0tLS0KICAgICAgICBNSUlCY2pDQ0FSaWdBd0lCQWdJQkFqQUtCZ2dxaGtqT1BRUURBakFZTVJZd0ZBWURWUVFERXcxamJIVnpkR1Z5CiAgICAgICAgTG14dlkyRnNNQjRYRFRFNU1ETXdNekF4TlRrMU1sb1hEVEk1TURJeU9EQXlNRE0xTWxvd0tURW5NQ1VHQTFVRQogICAgICAgIEF4TWVhV1JsYm5ScGRIa3ViR2x1YTJWeVpDNWpiSFZ6ZEdWeUxteHZZMkZzTUZrd0V3WUhLb1pJemowQ0FRWUkKICAgICAgICBLb1pJemowREFRY0RRZ0FFSVNnMENtSk5CV0x4SlRzS3Q3K2J6OEFzMVlmcVpGdVRxMkZuWW8wMTZOS1Z2NzBlCiAgICAgICAgUUMzVDZ0T3Bhajl4dUtzWGZsVTZaa3VpVlJpaWh3K3RWMmlzcTZOQ01FQXdEZ1lEVlIwUEFRSC9CQVFEQWdFRwogICAgICAgIE1CMEdBMVVkSlFRV01CUUdDQ3NHQVFVRkJ3TUJCZ2dyQmdFRkJRY0RBakFQQmdOVkhSTUJBZjhFQlRBREFRSC8KICAgICAgICBNQW9HQ0NxR1NNNDlCQU1DQTBnQU1FVUNJRithTTBCdzJQZE1GRHEvS3RhQlF2SGRBWWFVUFZ4OHZmM2puK000CiAgICAgICAgQWFENEFpRUE5SEJkanlXeWlLZUt4bEE4Q29PdlVBd0k5NXhjNlhVTW9EeFJTWGpucFhnPQogICAgICAgIC0tLS0tRU5EIENFUlRJRklDQVRFLS0tLS0KICAgICAga2V5UEVNOiB8CiAgICAgICAgLS0tLS1CRUdJTiBFQyBQUklWQVRFIEtFWS0tLS0tCiAgICAgICAgTUhjQ0FRRUVJTUlKeW1la1l6K2trQ0xQa0ZsclV5QXUvY0hKWVJUeXdmbUFVUktLUlhkem9Bb0dDQ3FHU000OQogICAgICAgIEF3RUhvVVFEUWdBRUlTZzBDbUpOQldMeEpUc0t0NytiejhBczFZZnFaRnVUcTJGbllvMDE2TktWdjcwZVFDM1QKICAgICAgICA2dE9wYWo5eHVLc1hmbFU2Wmt1aVZSaWlodyt0VjJpc3F3PT0KICAgICAgICAtLS0tLUVORCBFQyBQUklWQVRFIEtFWS0tLS0tCnByb2ZpbGVWYWxpZGF0b3I6CiAgY2FCdW5kbGU6IHByb2ZpbGUgdmFsaWRhdG9yIENBIGJ1bmRsZQogIGNydFBFTTogcHJvZmlsZSB2YWxpZGF0b3IgY3J0CiAga2V5UEVNOiBwcm9maWxlIHZhbGlkYXRvciBrZXkKcHJveHlJbmplY3RvcjoKICBjYUJ1bmRsZTogcHJveHkgaW5qZWN0b3IgQ0EgYnVuZGxlCiAgY3J0UEVNOiBwcm94eSBpbmplY3RvciBjcnQKICBrZXlQRU06IHByb3h5IGluamVjdG9yIGtleQpzdGFnZTogY29uZmlnCnRhcDoKICBjYUJ1bmRsZTogdGFwIENBIGJ1bmRsZQogIGNydFBFTTogdGFwIGNydAogIGtleVBFTTogdGFwIGtleQo=
kind: Secret
metadata:
  creationTimestamp: null
  name: linkerd-config-overrides
  namespace: linkerd
